// Jest Snapshot v1, https://goo.gl/fbAQLP

exports[`Lyrics test renders an Lyrics Component 1`] = `undefined`;
